I'm sorry, but errors were detected in your script. Please correct the
errors listed below, and try again.


File "game/FrameNFunction/dragNDropFirst.rpy", line 3: end of line expected.
    jump screen drag_drop
                ^

Ren'Py Version: Ren'Py 8.3.3.24111502
Mon Jun  2 17:09:03 2025
